
> steersolo-backend@1.0.0 test
> jest --runInBand

node.exe : FAIL tests/payments/webhook.test.ts
At C:\Program Files\nodejs\npm.ps1:29 char:3
+   & $NODE_EXE $NPM_CLI_JS $args
+   ~~~~~~~~~~~~~~~~~~~~~~~~~~~~~
    + CategoryInfo          : NotSpecified: (FAIL tests/payments/webhook. 
   test.ts:String) [], RemoteException
    + FullyQualifiedErrorId : NativeCommandError
 
  ΓùÅ Test suite failed to run

    [96mtests/payments/webhook.test.ts[0m:[93m13[0m:[93m18[0m - 
[91merror[0m[90m TS6133: [0m'req' is declared but its value is never 
read.

    [7m13[0m   optionalAuth: (req: any, _res: any, next: any) => next(),
    [7m  [0m [91m                 ~~~[0m
    [96mtests/payments/webhook.test.ts[0m:[93m14[0m:[93m25[0m - 
[91merror[0m[90m TS6133: [0m'req' is declared but its value is never 
read.

    [7m14[0m   requireEntrepreneur: (req: any, _res: any, next: any) => 
next(),
    [7m  [0m [91m                        ~~~[0m
    [96mtests/payments/webhook.test.ts[0m:[93m15[0m:[93m18[0m - 
[91merror[0m[90m TS6133: [0m'req' is declared but its value is never 
read.

    [7m15[0m   requireAdmin: (req: any, _res: any, next: any) => next(),
    [7m  [0m [91m                 ~~~[0m

FAIL tests/queues/webhook.queue.test.ts
  enqueueWebhook retry/backoff behavior
    ├ù retries on failure and succeeds before max attempts (922 ms)
    ├ù persists to dead letter after max attempts exhausted (22 ms)

  ΓùÅ enqueueWebhook retry/backoff behavior ΓÇ║ retries on failure and 
succeeds before max attempts

    [96msrc/queues/webhook.queue.ts[0m:[93m34[0m:[93m20[0m - 
[91merror[0m[90m TS7030: [0mNot all code paths return a value.

      [7m34[0m   return queue.add(async () => {
      [7m  [0m [91m                   ~~~~~~~~~~~~~[0m

  ΓùÅ enqueueWebhook retry/backoff behavior ΓÇ║ persists to dead letter 
after max attempts exhausted

    [96msrc/queues/webhook.queue.ts[0m:[93m34[0m:[93m20[0m - 
[91merror[0m[90m TS7030: [0mNot all code paths return a value.

      [7m34[0m   return queue.add(async () => {
      [7m  [0m [91m                   ~~~~~~~~~~~~~[0m

FAIL tests/subscriptions/initialize.test.ts
  ΓùÅ Test suite failed to run

    
[96mtests/subscriptions/initialize.test.ts[0m:[93m11[0m:[93m18[0m - 
[91merror[0m[90m TS6133: [0m'req' is declared but its value is never 
read.

    [7m11[0m   optionalAuth: (req: any, _res: any, next: any) => next(),
    [7m  [0m [91m                 ~~~[0m
    
[96mtests/subscriptions/initialize.test.ts[0m:[93m12[0m:[93m25[0m - 
[91merror[0m[90m TS6133: [0m'req' is declared but its value is never 
read.

    [7m12[0m   requireEntrepreneur: (req: any, _res: any, next: any) => 
next(),
    [7m  [0m [91m                        ~~~[0m
    
[96mtests/subscriptions/initialize.test.ts[0m:[93m13[0m:[93m18[0m - 
[91merror[0m[90m TS6133: [0m'req' is declared but its value is never 
read.

    [7m13[0m   requireAdmin: (req: any, _res: any, next: any) => next(),
    [7m  [0m [91m                 ~~~[0m
    
[96mtests/subscriptions/initialize.test.ts[0m:[93m18[0m:[93m19[0m - 
[91merror[0m[90m TS2307: [0mCannot find module 'axios' or its 
corresponding type declarations.

    [7m18[0m import axios from "axios";
    [7m  [0m [91m                  ~~~~~~~[0m

FAIL tests/payments/webhook.processor.test.ts
  ΓùÅ Test suite failed to run

    
[96msrc/modules/payments/webhook.processor.ts[0m:[93m1[0m:[93m1[0m 
- [91merror[0m[90m TS6133: [0m'crypto' is declared but its value is 
never read.

    [7m1[0m import crypto from "crypto";
    [7m [0m [91m~~~~~~~~~~~~~~~~~~~~~~~~~~~~[0m
    
[96msrc/modules/payments/webhook.processor.ts[0m:[93m3[0m:[93m1[0m 
- [91merror[0m[90m TS6133: [0m'paystackConfig' is declared but its 
value is never read.

    [7m3[0m import { paystackConfig } from "../../config/paystack";
    [7m [0m 
[91m~~~~~~~~~~~~~~~~~~~~~~~~~~~~~~~~~~~~~~~~~~~~~~~~~~~~~~~[0m
    [96msrc/modules/payments/webhook.processor.ts[0m:[93m124[0m:[93m2
9[0m - [91merror[0m[90m TS2339: [0mProperty 'currentPeriodEnd' does 
not exist on type 'never'.

    [7m124[0m     subPayment.subscription.currentPeriodEnd &&
    [7m   [0m [91m                            ~~~~~~~~~~~~~~~~[0m
    [96msrc/modules/payments/webhook.processor.ts[0m:[93m125[0m:[93m3
8[0m - [91merror[0m[90m TS2339: [0mProperty 'currentPeriodEnd' does 
not exist on type 'never'.

    [7m125[0m     new Date(subPayment.subscription.currentPeriodEnd) > 
now
    [7m   [0m [91m                                     
~~~~~~~~~~~~~~~~[0m
    [96msrc/modules/payments/webhook.processor.ts[0m:[93m127[0m:[93m5
4[0m - [91merror[0m[90m TS2339: [0mProperty 'currentPeriodEnd' does 
not exist on type 'never'.

    [7m127[0m     nextPeriodEnd = new 
Date(subPayment.subscription.currentPeriodEnd);
    [7m   [0m [91m                                                     
~~~~~~~~~~~~~~~~[0m

  console.error
    Γ¥î Invalid environment variables:

    [0m [90m 41 |[39m   } [36mcatch[39m (error) {
     [90m 42 |[39m     [36mif[39m (error [36minstanceof[39m z[33m.[39m[33mZodError[39m) {
    [31m[1m>[22m[39m[90m 43 |[39m       console[33m.[39merror([32m"Γ¥î Invalid environment variables:"[39m)[33m;[39m
     [90m    |[39m               [31m[1m^[22m[39m
     [90m 44 |[39m       error[33m.[39merrors[33m.[39mforEach(err [33m=>[39m {
     [90m 45 |[39m         console[33m.[39merror([32m`  - ${err.path.join(".")}: ${err.message}`[39m)[33m;[39m
     [90m 46 |[39m       })[33m;[39m[0m

      at parseEnv (src/config/env.ts:43:15)
      at Object.<anonymous> (src/config/env.ts:53:20)
      at Object.<anonymous> (src/app.ts:4:1)
      at Object.<anonymous> (tests/admin/webhook.admin.test.ts:24:1)

  console.error
      - DATABASE_URL: Required

    [0m [90m 43 |[39m       console[33m.[39merror([32m"Γ¥î Invalid environment variables:"[39m)[33m;[39m
     [90m 44 |[39m       error[33m.[39merrors[33m.[39mforEach(err [33m=>[39m {
    [31m[1m>[22m[39m[90m 45 |[39m         console[33m.[39merror([32m`  - ${err.path.join(".")}: ${err.message}`[39m)[33m;[39m
     [90m    |[39m                 [31m[1m^[22m[39m
     [90m 46 |[39m       })[33m;[39m
     [90m 47 |[39m       process[33m.[39mexit([35m1[39m)[33m;[39m
     [90m 48 |[39m     }[0m

      at src/config/env.ts:45:17
          at Array.forEach (<anonymous>)
      at parseEnv (src/config/env.ts:44:20)
      at Object.<anonymous> (src/config/env.ts:53:20)
      at Object.<anonymous> (src/app.ts:4:1)
      at Object.<anonymous> (tests/admin/webhook.admin.test.ts:24:1)

  console.error
      - JWT_ACCESS_SECRET: Required

    [0m [90m 43 |[39m       console[33m.[39merror([32m"Γ¥î Invalid environment variables:"[39m)[33m;[39m
     [90m 44 |[39m       error[33m.[39merrors[33m.[39mforEach(err [33m=>[39m {
    [31m[1m>[22m[39m[90m 45 |[39m         console[33m.[39merror([32m`  - ${err.path.join(".")}: ${err.message}`[39m)[33m;[39m
     [90m    |[39m                 [31m[1m^[22m[39m
     [90m 46 |[39m       })[33m;[39m
     [90m 47 |[39m       process[33m.[39mexit([35m1[39m)[33m;[39m
     [90m 48 |[39m     }[0m

      at src/config/env.ts:45:17
          at Array.forEach (<anonymous>)
      at parseEnv (src/config/env.ts:44:20)
      at Object.<anonymous> (src/config/env.ts:53:20)
      at Object.<anonymous> (src/app.ts:4:1)
      at Object.<anonymous> (tests/admin/webhook.admin.test.ts:24:1)

  console.error
      - JWT_REFRESH_SECRET: Required

    [0m [90m 43 |[39m       console[33m.[39merror([32m"Γ¥î Invalid environment variables:"[39m)[33m;[39m
     [90m 44 |[39m       error[33m.[39merrors[33m.[39mforEach(err [33m=>[39m {
    [31m[1m>[22m[39m[90m 45 |[39m         console[33m.[39merror([32m`  - ${err.path.join(".")}: ${err.message}`[39m)[33m;[39m
     [90m    |[39m                 [31m[1m^[22m[39m
     [90m 46 |[39m       })[33m;[39m
     [90m 47 |[39m       process[33m.[39mexit([35m1[39m)[33m;[39m
     [90m 48 |[39m     }[0m

      at src/config/env.ts:45:17
          at Array.forEach (<anonymous>)
      at parseEnv (src/config/env.ts:44:20)
      at Object.<anonymous> (src/config/env.ts:53:20)
      at Object.<anonymous> (src/app.ts:4:1)
      at Object.<anonymous> (tests/admin/webhook.admin.test.ts:24:1)

  console.error
      - PAYSTACK_SECRET_KEY: Required

    [0m [90m 43 |[39m       console[33m.[39merror([32m"Γ¥î Invalid environment variables:"[39m)[33m;[39m
     [90m 44 |[39m       error[33m.[39merrors[33m.[39mforEach(err [33m=>[39m {
    [31m[1m>[22m[39m[90m 45 |[39m         console[33m.[39merror([32m`  - ${err.path.join(".")}: ${err.message}`[39m)[33m;[39m
     [90m    |[39m                 [31m[1m^[22m[39m
     [90m 46 |[39m       })[33m;[39m
     [90m 47 |[39m       process[33m.[39mexit([35m1[39m)[33m;[39m
     [90m 48 |[39m     }[0m

      at src/config/env.ts:45:17
          at Array.forEach (<anonymous>)
      at parseEnv (src/config/env.ts:44:20)
      at Object.<anonymous> (src/config/env.ts:53:20)
      at Object.<anonymous> (src/app.ts:4:1)
      at Object.<anonymous> (tests/admin/webhook.admin.test.ts:24:1)

  console.error
      - PAYSTACK_PUBLIC_KEY: Required

    [0m [90m 43 |[39m       console[33m.[39merror([32m"Γ¥î Invalid environment variables:"[39m)[33m;[39m
     [90m 44 |[39m       error[33m.[39merrors[33m.[39mforEach(err [33m=>[39m {
    [31m[1m>[22m[39m[90m 45 |[39m         console[33m.[39merror([32m`  - ${err.path.join(".")}: ${err.message}`[39m)[33m;[39m
     [90m    |[39m                 [31m[1m^[22m[39m
     [90m 46 |[39m       })[33m;[39m
     [90m 47 |[39m       process[33m.[39mexit([35m1[39m)[33m;[39m
     [90m 48 |[39m     }[0m

      at src/config/env.ts:45:17
          at Array.forEach (<anonymous>)
      at parseEnv (src/config/env.ts:44:20)
      at Object.<anonymous> (src/config/env.ts:53:20)
      at Object.<anonymous> (src/app.ts:4:1)
      at Object.<anonymous> (tests/admin/webhook.admin.test.ts:24:1)

  console.error
      - GOOGLE_CLIENT_ID: Required

    [0m [90m 43 |[39m       console[33m.[39merror([32m"Γ¥î Invalid environment variables:"[39m)[33m;[39m
     [90m 44 |[39m       error[33m.[39merrors[33m.[39mforEach(err [33m=>[39m {
    [31m[1m>[22m[39m[90m 45 |[39m         console[33m.[39merror([32m`  - ${err.path.join(".")}: ${err.message}`[39m)[33m;[39m
     [90m    |[39m                 [31m[1m^[22m[39m
     [90m 46 |[39m       })[33m;[39m
     [90m 47 |[39m       process[33m.[39mexit([35m1[39m)[33m;[39m
     [90m 48 |[39m     }[0m

      at src/config/env.ts:45:17
          at Array.forEach (<anonymous>)
      at parseEnv (src/config/env.ts:44:20)
      at Object.<anonymous> (src/config/env.ts:53:20)
      at Object.<anonymous> (src/app.ts:4:1)
      at Object.<anonymous> (tests/admin/webhook.admin.test.ts:24:1)

  console.error
      - GOOGLE_CLIENT_SECRET: Required

    [0m [90m 43 |[39m       console[33m.[39merror([32m"Γ¥î Invalid environment variables:"[39m)[33m;[39m
     [90m 44 |[39m       error[33m.[39merrors[33m.[39mforEach(err [33m=>[39m {
    [31m[1m>[22m[39m[90m 45 |[39m         console[33m.[39merror([32m`  - ${err.path.join(".")}: ${err.message}`[39m)[33m;[39m
     [90m    |[39m                 [31m[1m^[22m[39m
     [90m 46 |[39m       })[33m;[39m
     [90m 47 |[39m       process[33m.[39mexit([35m1[39m)[33m;[39m
     [90m 48 |[39m     }[0m

      at src/config/env.ts:45:17
          at Array.forEach (<anonymous>)
      at parseEnv (src/config/env.ts:44:20)
      at Object.<anonymous> (src/config/env.ts:53:20)
      at Object.<anonymous> (src/app.ts:4:1)
      at Object.<anonymous> (tests/admin/webhook.admin.test.ts:24:1)

  ΓùÅ  process.exit called with "1"

    [0m [90m 45 |[39m         console[33m.[39merror([32m`  - 
${err.path.join(".")}: ${err.message}`[39m)[33m;[39m
     [90m 46 |[39m       })[33m;[39m
    [31m[1m>[22m[39m[90m 47 |[39m       
process[33m.[39mexit([35m1[39m)[33m;[39m
     [90m    |[39m               [31m[1m^[22m[39m
     [90m 48 |[39m     }
     [90m 49 |[39m     [36mthrow[39m error[33m;[39m
     [90m 50 |[39m   }[0m

      at parseEnv (src/config/env.ts:47:15)
      at Object.<anonymous> (src/config/env.ts:53:20)
      at Object.<anonymous> (src/app.ts:4:1)
      at Object.<anonymous> (tests/admin/webhook.admin.test.ts:24:1)
